apps/backend/src/domains/core/storefront/application/use-cases/setup-storefront.use-case.ts(25,7): error TS2322: Type 'OrganizationIndustry' is not assignable to type '"GYM" | "COACHING" | "SALON" | "RETAIL" | "RESTAURANT" | "CLINIC" | "HOSTEL" | "PARLOR" | "IT" | "OTHER"'.
apps/backend/src/scripts/verify-organization-flow.ts(57,22): error TS2554: Expected 3 arguments, but got 2.
